[{"hash":"5772d1c5","originalPath":"tmp/version_after_build.css","versionedPath":"tmp/version_after_build.5772d1c5.css"}]