[{"hash":"b043221e","originalPath":"tmp/pipeline_a_b_uglify.js","versionedPath":"tmp/pipeline_a_b_uglify.b043221e.js"},{"hash":"27b4401e","originalPath":"tmp/pipeline_b_c_uglify.js","versionedPath":"tmp/pipeline_b_c_uglify.27b4401e.js"}]