[{"hash":"3bafa719","originalPath":"tmp/pipeline_a_c_uglify.js","versionedPath":"tmp/pipeline_a_c_uglify.3bafa719.js"}]